// Jest Snapshot v1, https://goo.gl/fbAQLP

exports[`<App /> Snapshots should render the login form if no user is present 1`] = `
"<div className=\\"App\\">
  <form onSubmit={[Function]}>
    <h1>
      IB Candidate site
    </h1>
    <h2>
      Updated by the CI/CD on 03-DEC-19 20:20
    </h2>
    <label htmlFor=\\"email\\">
      <span>
        Email:
      </span>
      <input onChange={[Function]} value=\\"\\" id=\\"email\\" name=\\"email\\" type=\\"email\\" />
    </label>
    <br />
    <label htmlFor=\\"password\\">
      <span>
        Password:
      </span>
      <input onChange={[Function]} value=\\"\\" id=\\"password\\" name=\\"password\\" type=\\"password\\" />
    </label>
    <br />
    <button type=\\"submit\\">
      Login
    </button>
  </form>
</div>"
`;
